******************************************************************************
             TMS320C2000 Linker PC v16.9.6                     
******************************************************************************
>> Linked Sun May 07 15:03:39 2023

OUTPUT FILE NAME:   <test1.out>
ENTRY POINT SYMBOL: "_c_int00"  address: 00008ce6


MEMORY CONFIGURATION

         name            origin    length      used     unused   attr    fill
----------------------  --------  ---------  --------  --------  ----  --------
PAGE 0:
  BEGIN                 00000000   00000002  00000002  00000000  RWIX
  RAMM0                 00000050   000003b0  00000000  000003b0  RWIX
  RAML0                 00008000   00001000  00000f45  000000bb  RWIX
  RAML1                 00009000   00001000  00000000  00001000  RWIX
  RAML2                 0000a000   00001000  00000476  00000b8a  RWIX
  RAML3                 0000b000   00001000  0000014f  00000eb1  RWIX
  ZONE7A                00200000   0000fc00  00000000  0000fc00  RWIX
  FLASHA                00338000   00007f80  00000000  00007f80  RWIX
  CSM_RSVD              0033ff80   00000076  00000000  00000076  RWIX
  CSM_PWL               0033fff8   00000008  00000000  00000008  RWIX
  ADC_CAL               00380080   00000009  00000007  00000002  RWIX
  IQTABLES              003fe000   00000b50  00000000  00000b50  RWIX
  IQTABLES2             003feb50   0000008c  00000000  0000008c  RWIX
  FPUTABLES             003febdc   000006a0  00000000  000006a0  RWIX
  BOOTROM               003ff27c   00000d44  00000000  00000d44  RWIX
  RESET                 003fffc0   00000002  00000000  00000002  RWIX

PAGE 1:
  BOOT_RSVD             00000002   0000004e  00000000  0000004e  RWIX
  RAMM1                 00000400   00000400  00000300  00000100  RWIX
  DEV_EMU               00000880   00000180  000000d0  000000b0  RWIX
  FLASH_REGS            00000a80   00000060  00000008  00000058  RWIX
  CSM                   00000ae0   00000010  00000010  00000000  RWIX
  ADC_MIRROR            00000b00   00000010  00000010  00000000  RWIX
  XINTF                 00000b20   00000020  0000001e  00000002  RWIX
  CPU_TIMER0            00000c00   00000008  00000008  00000000  RWIX
  CPU_TIMER1            00000c08   00000008  00000008  00000000  RWIX
  CPU_TIMER2            00000c10   00000008  00000008  00000000  RWIX
  PIE_CTRL              00000ce0   00000020  0000001a  00000006  RWIX
  PIE_VECT              00000d00   00000100  00000100  00000000  RWIX
  DMA                   00001000   00000200  000000e0  00000120  RWIX
  MCBSPA                00005000   00000040  00000025  0000001b  RWIX
  MCBSPB                00005040   00000040  00000025  0000001b  RWIX
  ECANA                 00006000   00000040  00000034  0000000c  RWIX
  ECANA_LAM             00006040   00000040  00000040  00000000  RWIX
  ECANA_MOTS            00006080   00000040  00000040  00000000  RWIX
  ECANA_MOTO            000060c0   00000040  00000040  00000000  RWIX
  ECANA_MBOX            00006100   00000100  00000100  00000000  RWIX
  ECANB                 00006200   00000040  00000034  0000000c  RWIX
  ECANB_LAM             00006240   00000040  00000040  00000000  RWIX
  ECANB_MOTS            00006280   00000040  00000040  00000000  RWIX
  ECANB_MOTO            000062c0   00000040  00000040  00000000  RWIX
  ECANB_MBOX            00006300   00000100  00000100  00000000  RWIX
  EPWM1                 00006800   00000022  00000022  00000000  RWIX
  EPWM2                 00006840   00000022  00000022  00000000  RWIX
  EPWM3                 00006880   00000022  00000022  00000000  RWIX
  EPWM4                 000068c0   00000022  00000022  00000000  RWIX
  EPWM5                 00006900   00000022  00000022  00000000  RWIX
  EPWM6                 00006940   00000022  00000022  00000000  RWIX
  ECAP1                 00006a00   00000020  00000020  00000000  RWIX
  ECAP2                 00006a20   00000020  00000020  00000000  RWIX
  ECAP3                 00006a40   00000020  00000020  00000000  RWIX
  ECAP4                 00006a60   00000020  00000020  00000000  RWIX
  ECAP5                 00006a80   00000020  00000020  00000000  RWIX
  ECAP6                 00006aa0   00000020  00000020  00000000  RWIX
  EQEP1                 00006b00   00000040  00000040  00000000  RWIX
  EQEP2                 00006b40   00000040  00000040  00000000  RWIX
  GPIOCTRL              00006f80   00000040  0000002e  00000012  RWIX
  GPIODAT               00006fc0   00000020  00000020  00000000  RWIX
  GPIOINT               00006fe0   00000020  0000000a  00000016  RWIX
  SYSTEM                00007010   00000020  00000020  00000000  RWIX
  SPIA                  00007040   00000010  00000010  00000000  RWIX
  SCIA                  00007050   00000010  00000010  00000000  RWIX
  XINTRUPT              00007070   00000010  00000010  00000000  RWIX
  ADC                   00007100   00000020  0000001e  00000002  RWIX
  SCIB                  00007750   00000010  00000010  00000000  RWIX
  SCIC                  00007770   00000010  00000010  00000000  RWIX
  I2CA                  00007900   00000040  00000022  0000001e  RWIX
  RAML4                 0000c000   00001000  00000400  00000c00  RWIX
  RAML5                 0000d000   00001000  00000400  00000c00  RWIX
  RAML6                 0000e000   00001000  00000202  00000dfe  RWIX
  RAML7                 0000f000   00001000  00000400  00000c00  RWIX
  ZONE7B                0020fc00   00000400  00000000  00000400  RWIX
  CSM_PWL               0033fff8   00000008  00000008  00000000  RWIX


SECTION ALLOCATION MAP

 output                                  attributes/
section   page    origin      length       input sections
--------  ----  ----------  ----------   ----------------
codestart 
*          0    00000000    00000002     
                  00000000    00000002     DSP2833x_CodeStartBranch.obj (codestart)

.cinit     0    00008000    0000005a     
                  00008000    00000030     main.obj (.cinit)
                  00008030    0000000e     rts2800_fpu32.lib : exit.obj (.cinit)
                  0000803e    0000000c     key.obj (.cinit)
                  0000804a    00000005     rts2800_fpu32.lib : _lock.obj (.cinit:__lock)
                  0000804f    00000005                       : _lock.obj (.cinit:__unlock)
                  00008054    00000004                       : errno.obj (.cinit)
                  00008058    00000002     --HOLE-- [fill = 0]

ramfuncs   0    0000805a    00000004     
                  0000805a    00000004     DSP2833x_usDelay.obj (ramfuncs)

.text      0    0000805e    00000ee7     
                  0000805e    00000323     DSP2833x_DefaultIsr.obj (.text:retain)
                  00008381    000001ff     uart.obj (.text)
                  00008580    0000011d     C28x_FPU_Lib.lib : RFFT_f32.obj (.text)
                  0000869d    00000110     key.obj (.text)
                  000087ad    000000f8     DSP2833x_SysCtrl.obj (.text)
                  000088a5    000000be     main.obj (.text)
                  00008963    000000af     FFT.obj (.text)
                  00008a12    000000a8     main.obj (.text:retain)
                  00008aba    00000088     rts2800_fpu32.lib : fs_div28.obj (.text)
                  00008b42    0000007b     DSP2833x_CpuTimers.obj (.text)
                  00008bbd    00000070     C28x_FPU_Lib.lib : RFFT_f32_sincostable.obj (.text)
                  00008c2d    00000061     rts2800_fpu32.lib : s_cosf.obj (.text)
                  00008c8e    00000058                       : s_sinf.obj (.text)
                  00008ce6    00000056                       : boot28.obj (.text)
                  00008d3c    00000044     C28x_FPU_Lib.lib : RFFT_f32_mag.obj (.text)
                  00008d80    00000044     leds.obj (.text)
                  00008dc4    0000003a     time.obj (.text)
                  00008dfe    00000029     rts2800_fpu32.lib : exit.obj (.text)
                  00008e27    00000028     DSP2833x_PieCtrl.obj (.text)
                  00008e4f    00000001     rts2800_fpu32.lib : startup.obj (.text)
                  00008e50    00000025                       : e_sqrtf.obj (.text)
                  00008e75    00000024                       : cpy_tbl.obj (.text)
                  00008e99    00000022                       : i_div28.obj (.text)
                  00008ebb    00000020     DSP2833x_PieVect.obj (.text)
                  00008edb    0000001e     rts2800_fpu32.lib : memcpy.obj (.text)
                  00008ef9    00000019     DSP2833x_Sci.obj (.text)
                  00008f12    00000019     rts2800_fpu32.lib : args_main.obj (.text)
                  00008f2b    00000009                       : _lock.obj (.text)
                  00008f34    00000008     DSP2833x_CodeStartBranch.obj (.text)
                  00008f3c    00000007     DSP2833x_DisInt.obj (.text)
                  00008f43    00000002     rts2800_fpu32.lib : pre_init.obj (.text)

.pinit     0    00008000    00000000     UNINITIALIZED

.ebss      0    0000a000    00000476     UNINITIALIZED
                  0000a000    00000440     main.obj (.ebss)
                  0000a440    00000018     DSP2833x_CpuTimers.obj (.ebss)
                  0000a458    00000010     FFT.obj (.ebss)
                  0000a468    00000006     rts2800_fpu32.lib : exit.obj (.ebss)
                  0000a46e    00000003     key.obj (.ebss)
                  0000a471    00000001     rts2800_fpu32.lib : errno.obj (.ebss)
                  0000a472    00000002                       : _lock.obj (.ebss:__lock)
                  0000a474    00000002                       : _lock.obj (.ebss:__unlock)

.econst    0    0000b000    0000014f     
                  0000b000    00000100     DSP2833x_PieVect.obj (.econst:_PieVectTableInit)
                  0000b100    0000004f     uart.obj (.econst:.string)

.adc_cal   0    00380080    00000007     NOLOAD SECTION
                  00380080    00000007     DSP2833x_ADC_cal.obj (.adc_cal)

.stack     1    00000400    00000300     UNINITIALIZED
                  00000400    00000300     --HOLE--

DevEmuRegsFile 
*          1    00000880    000000d0     UNINITIALIZED
                  00000880    000000d0     DSP2833x_GlobalVariableDefs.obj (DevEmuRegsFile)

FlashRegsFile 
*          1    00000a80    00000008     UNINITIALIZED
                  00000a80    00000008     DSP2833x_GlobalVariableDefs.obj (FlashRegsFile)

CsmRegsFile 
*          1    00000ae0    00000010     UNINITIALIZED
                  00000ae0    00000010     DSP2833x_GlobalVariableDefs.obj (CsmRegsFile)

AdcMirrorFile 
*          1    00000b00    00000010     UNINITIALIZED
                  00000b00    00000010     DSP2833x_GlobalVariableDefs.obj (AdcMirrorFile)

XintfRegsFile 
*          1    00000b20    0000001e     UNINITIALIZED
                  00000b20    0000001e     DSP2833x_GlobalVariableDefs.obj (XintfRegsFile)

CpuTimer0RegsFile 
*          1    00000c00    00000008     UNINITIALIZED
                  00000c00    00000008     DSP2833x_GlobalVariableDefs.obj (CpuTimer0RegsFile)

CpuTimer1RegsFile 
*          1    00000c08    00000008     UNINITIALIZED
                  00000c08    00000008     DSP2833x_GlobalVariableDefs.obj (CpuTimer1RegsFile)

CpuTimer2RegsFile 
*          1    00000c10    00000008     UNINITIALIZED
                  00000c10    00000008     DSP2833x_GlobalVariableDefs.obj (CpuTimer2RegsFile)

PieCtrlRegsFile 
*          1    00000ce0    0000001a     UNINITIALIZED
                  00000ce0    0000001a     DSP2833x_GlobalVariableDefs.obj (PieCtrlRegsFile)

PieVectTableFile 
*          1    00000d00    00000100     UNINITIALIZED
                  00000d00    00000100     DSP2833x_GlobalVariableDefs.obj (PieVectTableFile)

DmaRegsFile 
*          1    00001000    000000e0     UNINITIALIZED
                  00001000    000000e0     DSP2833x_GlobalVariableDefs.obj (DmaRegsFile)

McbspaRegsFile 
*          1    00005000    00000025     UNINITIALIZED
                  00005000    00000025     DSP2833x_GlobalVariableDefs.obj (McbspaRegsFile)

McbspbRegsFile 
*          1    00005040    00000025     UNINITIALIZED
                  00005040    00000025     DSP2833x_GlobalVariableDefs.obj (McbspbRegsFile)

ECanaRegsFile 
*          1    00006000    00000034     UNINITIALIZED
                  00006000    00000034     DSP2833x_GlobalVariableDefs.obj (ECanaRegsFile)

ECanaLAMRegsFile 
*          1    00006040    00000040     UNINITIALIZED
                  00006040    00000040     DSP2833x_GlobalVariableDefs.obj (ECanaLAMRegsFile)

ECanaMOTSRegsFile 
*          1    00006080    00000040     UNINITIALIZED
                  00006080    00000040     DSP2833x_GlobalVariableDefs.obj (ECanaMOTSRegsFile)

ECanaMOTORegsFile 
*          1    000060c0    00000040     UNINITIALIZED
                  000060c0    00000040     DSP2833x_GlobalVariableDefs.obj (ECanaMOTORegsFile)

ECanaMboxesFile 
*          1    00006100    00000100     UNINITIALIZED
                  00006100    00000100     DSP2833x_GlobalVariableDefs.obj (ECanaMboxesFile)

ECanbRegsFile 
*          1    00006200    00000034     UNINITIALIZED
                  00006200    00000034     DSP2833x_GlobalVariableDefs.obj (ECanbRegsFile)

ECanbLAMRegsFile 
*          1    00006240    00000040     UNINITIALIZED
                  00006240    00000040     DSP2833x_GlobalVariableDefs.obj (ECanbLAMRegsFile)

ECanbMOTSRegsFile 
*          1    00006280    00000040     UNINITIALIZED
                  00006280    00000040     DSP2833x_GlobalVariableDefs.obj (ECanbMOTSRegsFile)

ECanbMOTORegsFile 
*          1    000062c0    00000040     UNINITIALIZED
                  000062c0    00000040     DSP2833x_GlobalVariableDefs.obj (ECanbMOTORegsFile)

ECanbMboxesFile 
*          1    00006300    00000100     UNINITIALIZED
                  00006300    00000100     DSP2833x_GlobalVariableDefs.obj (ECanbMboxesFile)

EPwm1RegsFile 
*          1    00006800    00000022     UNINITIALIZED
                  00006800    00000022     DSP2833x_GlobalVariableDefs.obj (EPwm1RegsFile)

EPwm2RegsFile 
*          1    00006840    00000022     UNINITIALIZED
                  00006840    00000022     DSP2833x_GlobalVariableDefs.obj (EPwm2RegsFile)

EPwm3RegsFile 
*          1    00006880    00000022     UNINITIALIZED
                  00006880    00000022     DSP2833x_GlobalVariableDefs.obj (EPwm3RegsFile)

EPwm4RegsFile 
*          1    000068c0    00000022     UNINITIALIZED
                  000068c0    00000022     DSP2833x_GlobalVariableDefs.obj (EPwm4RegsFile)

EPwm5RegsFile 
*          1    00006900    00000022     UNINITIALIZED
                  00006900    00000022     DSP2833x_GlobalVariableDefs.obj (EPwm5RegsFile)

EPwm6RegsFile 
*          1    00006940    00000022     UNINITIALIZED
                  00006940    00000022     DSP2833x_GlobalVariableDefs.obj (EPwm6RegsFile)

ECap1RegsFile 
*          1    00006a00    00000020     UNINITIALIZED
                  00006a00    00000020     DSP2833x_GlobalVariableDefs.obj (ECap1RegsFile)

ECap2RegsFile 
*          1    00006a20    00000020     UNINITIALIZED
                  00006a20    00000020     DSP2833x_GlobalVariableDefs.obj (ECap2RegsFile)

ECap3RegsFile 
*          1    00006a40    00000020     UNINITIALIZED
                  00006a40    00000020     DSP2833x_GlobalVariableDefs.obj (ECap3RegsFile)

ECap4RegsFile 
*          1    00006a60    00000020     UNINITIALIZED
                  00006a60    00000020     DSP2833x_GlobalVariableDefs.obj (ECap4RegsFile)

ECap5RegsFile 
*          1    00006a80    00000020     UNINITIALIZED
                  00006a80    00000020     DSP2833x_GlobalVariableDefs.obj (ECap5RegsFile)

ECap6RegsFile 
*          1    00006aa0    00000020     UNINITIALIZED
                  00006aa0    00000020     DSP2833x_GlobalVariableDefs.obj (ECap6RegsFile)

EQep1RegsFile 
*          1    00006b00    00000040     UNINITIALIZED
                  00006b00    00000040     DSP2833x_GlobalVariableDefs.obj (EQep1RegsFile)

EQep2RegsFile 
*          1    00006b40    00000040     UNINITIALIZED
                  00006b40    00000040     DSP2833x_GlobalVariableDefs.obj (EQep2RegsFile)

GpioCtrlRegsFile 
*          1    00006f80    0000002e     UNINITIALIZED
                  00006f80    0000002e     DSP2833x_GlobalVariableDefs.obj (GpioCtrlRegsFile)

GpioDataRegsFile 
*          1    00006fc0    00000020     UNINITIALIZED
                  00006fc0    00000020     DSP2833x_GlobalVariableDefs.obj (GpioDataRegsFile)

GpioIntRegsFile 
*          1    00006fe0    0000000a     UNINITIALIZED
                  00006fe0    0000000a     DSP2833x_GlobalVariableDefs.obj (GpioIntRegsFile)

SysCtrlRegsFile 
*          1    00007010    00000020     UNINITIALIZED
                  00007010    00000020     DSP2833x_GlobalVariableDefs.obj (SysCtrlRegsFile)

SpiaRegsFile 
*          1    00007040    00000010     UNINITIALIZED
                  00007040    00000010     DSP2833x_GlobalVariableDefs.obj (SpiaRegsFile)

SciaRegsFile 
*          1    00007050    00000010     UNINITIALIZED
                  00007050    00000010     DSP2833x_GlobalVariableDefs.obj (SciaRegsFile)

XIntruptRegsFile 
*          1    00007070    00000010     UNINITIALIZED
                  00007070    00000010     DSP2833x_GlobalVariableDefs.obj (XIntruptRegsFile)

AdcRegsFile 
*          1    00007100    0000001e     UNINITIALIZED
                  00007100    0000001e     DSP2833x_GlobalVariableDefs.obj (AdcRegsFile)

ScibRegsFile 
*          1    00007750    00000010     UNINITIALIZED
                  00007750    00000010     DSP2833x_GlobalVariableDefs.obj (ScibRegsFile)

ScicRegsFile 
*          1    00007770    00000010     UNINITIALIZED
                  00007770    00000010     DSP2833x_GlobalVariableDefs.obj (ScicRegsFile)

I2caRegsFile 
*          1    00007900    00000022     UNINITIALIZED
                  00007900    00000022     DSP2833x_GlobalVariableDefs.obj (I2caRegsFile)

FFTdata1   1    0000c000    00000400     UNINITIALIZED
                  0000c000    00000400     FFT.obj (FFTdata1)

FFTdata2   1    0000d000    00000400     UNINITIALIZED
                  0000d000    00000400     FFT.obj (FFTdata2)

FFTdata3   1    0000e000    00000202     UNINITIALIZED
                  0000e000    00000202     FFT.obj (FFTdata3)

FFTdata4   1    0000f000    00000400     UNINITIALIZED
                  0000f000    00000400     FFT.obj (FFTdata4)

.reset     0    003fffc0    00000002     DSECT
                  003fffc0    00000002     rts2800_fpu32.lib : boot28.obj (.reset)

csm_rsvd   0    0033ff80    00000000     DSECT

csmpasswds 
*          0    0033fff8    00000000     DSECT

CsmPwlFile 
*          1    0033fff8    00000008     UNINITIALIZED
                  0033fff8    00000008     DSP2833x_GlobalVariableDefs.obj (CsmPwlFile)

MODULE SUMMARY

       Module                            code   initialized data   uninitialized data
       ------                            ----   ----------------   ------------------
    .\Lib\
       DSP2833x_GlobalVariableDefs.obj   0      0                  2678              
       DSP2833x_DefaultIsr.obj           803    0                  0                 
       DSP2833x_PieVect.obj              32     256                0                 
       DSP2833x_SysCtrl.obj              248    0                  0                 
       DSP2833x_CpuTimers.obj            123    0                  24                
       DSP2833x_PieCtrl.obj              40     0                  0                 
       DSP2833x_Sci.obj                  25     0                  0                 
       DSP2833x_CodeStartBranch.obj      10     0                  0                 
       DSP2833x_ADC_cal.obj              7      0                  0                 
       DSP2833x_DisInt.obj               7      0                  0                 
       DSP2833x_usDelay.obj              4      0                  0                 
    +--+---------------------------------+------+------------------+--------------------+
       Total:                            1299   256                2702              
                                                                                     
    .\User\
       main.obj                          358    48                 1088              
    +--+---------------------------------+------+------------------+--------------------+
       Total:                            358    48                 1088              
                                                                                     
    .\app\FFT\
       FFT.obj                           175    0                  3602              
    +--+---------------------------------+------+------------------+--------------------+
       Total:                            175    0                  3602              
                                                                                     
    .\app\key\
       key.obj                           272    12                 3                 
    +--+---------------------------------+------+------------------+--------------------+
       Total:                            272    12                 3                 
                                                                                     
    .\app\leds\
       leds.obj                          68     0                  0                 
    +--+---------------------------------+------+------------------+--------------------+
       Total:                            68     0                  0                 
                                                                                     
    .\app\time\
       time.obj                          58     0                  0                 
    +--+---------------------------------+------+------------------+--------------------+
       Total:                            58     0                  0                 
                                                                                     
    .\app\uart\
       uart.obj                          511    79                 0                 
    +--+---------------------------------+------+------------------+--------------------+
       Total:                            511    79                 0                 
                                                                                     
    ../C28x_FPU_LIB/lib/C28x_FPU_Lib.lib
       RFFT_f32.obj                      285    0                  0                 
       RFFT_f32_sincostable.obj          112    0                  0                 
       RFFT_f32_mag.obj                  68     0                  0                 
    +--+---------------------------------+------+------------------+--------------------+
       Total:                            465    0                  0                 
                                                                                     
    C:\ti\ccsv7\tools\compiler\ti-cgt-c2000_16.9.6.LTS\lib\rts2800_fpu32.lib
       fs_div28.obj                      136    0                  0                 
       s_cosf.obj                        97     0                  0                 
       s_sinf.obj                        88     0                  0                 
       boot28.obj                        86     0                  0                 
       exit.obj                          41     14                 6                 
       e_sqrtf.obj                       37     0                  0                 
       cpy_tbl.obj                       36     0                  0                 
       i_div28.obj                       34     0                  0                 
       memcpy.obj                        30     0                  0                 
       args_main.obj                     25     0                  0                 
       _lock.obj                         9      10                 4                 
       errno.obj                         0      4                  1                 
       pre_init.obj                      2      0                  0                 
       startup.obj                       1      0                  0                 
    +--+---------------------------------+------+------------------+--------------------+
       Total:                            622    28                 11                
                                                                                     
       Stack:                            0      0                  768               
    +--+---------------------------------+------+------------------+--------------------+
       Grand Total:                      3828   423                8174              


GLOBAL DATA SYMBOLS: SORTED BY DATA PAGE

address     data page           name
--------    ----------------    ----
00000400      10 (00000400)     __stack

00000880      22 (00000880)     _DevEmuRegs

00000a80      2a (00000a80)     _FlashRegs

00000ae0      2b (00000ac0)     _CsmRegs

00000b00      2c (00000b00)     _AdcMirror
00000b20      2c (00000b00)     _XintfRegs

00000c00      30 (00000c00)     _CpuTimer0Regs
00000c08      30 (00000c00)     _CpuTimer1Regs
00000c10      30 (00000c00)     _CpuTimer2Regs

00000ce0      33 (00000cc0)     _PieCtrlRegs

00000d00      34 (00000d00)     _PieVectTable

00001000      40 (00001000)     _DmaRegs

00005000     140 (00005000)     _McbspaRegs

00005040     141 (00005040)     _McbspbRegs

00006000     180 (00006000)     _ECanaRegs

00006040     181 (00006040)     _ECanaLAMRegs

00006080     182 (00006080)     _ECanaMOTSRegs

000060c0     183 (000060c0)     _ECanaMOTORegs

00006100     184 (00006100)     _ECanaMboxes

00006200     188 (00006200)     _ECanbRegs

00006240     189 (00006240)     _ECanbLAMRegs

00006280     18a (00006280)     _ECanbMOTSRegs

000062c0     18b (000062c0)     _ECanbMOTORegs

00006300     18c (00006300)     _ECanbMboxes

00006800     1a0 (00006800)     _EPwm1Regs

00006840     1a1 (00006840)     _EPwm2Regs

00006880     1a2 (00006880)     _EPwm3Regs

000068c0     1a3 (000068c0)     _EPwm4Regs

00006900     1a4 (00006900)     _EPwm5Regs

00006940     1a5 (00006940)     _EPwm6Regs

00006a00     1a8 (00006a00)     _ECap1Regs
00006a20     1a8 (00006a00)     _ECap2Regs

00006a40     1a9 (00006a40)     _ECap3Regs
00006a60     1a9 (00006a40)     _ECap4Regs

00006a80     1aa (00006a80)     _ECap5Regs
00006aa0     1aa (00006a80)     _ECap6Regs

00006b00     1ac (00006b00)     _EQep1Regs

00006b40     1ad (00006b40)     _EQep2Regs

00006f80     1be (00006f80)     _GpioCtrlRegs

00006fc0     1bf (00006fc0)     _GpioDataRegs
00006fe0     1bf (00006fc0)     _GpioIntRegs

00007010     1c0 (00007000)     _SysCtrlRegs

00007040     1c1 (00007040)     _SpiaRegs
00007050     1c1 (00007040)     _SciaRegs
00007070     1c1 (00007040)     _XIntruptRegs

00007100     1c4 (00007100)     _AdcRegs

00007750     1dd (00007740)     _ScibRegs
00007770     1dd (00007740)     _ScicRegs

00007900     1e4 (00007900)     _I2caRegs

0000a000     280 (0000a000)     _T
0000a001     280 (0000a000)     _ReceivedChar
0000a002     280 (0000a000)     _flag
0000a003     280 (0000a000)     _key
0000a004     280 (0000a000)     _symbol
0000a005     280 (0000a000)     _count
0000a006     280 (0000a000)     _omiga
0000a008     280 (0000a000)     _cosine
0000a00a     280 (0000a000)     _theta
0000a00c     280 (0000a000)     _FRE
0000a00e     280 (0000a000)     _phi
0000a010     280 (0000a000)     _C

0000a040     281 (0000a040)     _temp

0000a440     291 (0000a440)     _CpuTimer1
0000a448     291 (0000a440)     _CpuTimer2
0000a450     291 (0000a440)     _CpuTimer0
0000a458     291 (0000a440)     _MAX
0000a45a     291 (0000a440)     _fre
0000a45c     291 (0000a440)     _rfft
0000a468     291 (0000a440)     ___TI_enable_exit_profile_output
0000a46a     291 (0000a440)     ___TI_cleanup_ptr
0000a46c     291 (0000a440)     ___TI_dtors_ptr
0000a471     291 (0000a440)     _errno
0000a472     291 (0000a440)     __lock
0000a474     291 (0000a440)     __unlock

0000b000     2c0 (0000b000)     _PieVectTableInit

0000c000     300 (0000c000)     _RFFTin1Buff

0000d000     340 (0000d000)     _RFFToutBuff

0000e000     380 (0000e000)     _RFFTmagBuff

0000f000     3c0 (0000f000)     _RFFTF32Coef

0033fff8    cfff (0033ffc0)     _CsmPwl


GLOBAL SYMBOLS: SORTED ALPHABETICALLY BY Name 

page  address   name                                  
----  -------   ----                                  
0     0000805e  .text                                 
0     00008dfe  C$$EXIT                               
0     00008aba  FS$$DIV                               
0     00008e99  I$$DIV                                
0     00008eaa  I$$MOD                                
0     00008144  _ADCINT_ISR                           
0     00380080  _ADC_cal                              
1     00000b00  _AdcMirror                            
1     00007100  _AdcRegs                              
0     0000a010  _C                                    
0     00008b83  _ConfigCpuTimer                       
0     0000a450  _CpuTimer0                            
1     00000c00  _CpuTimer0Regs                        
0     0000a440  _CpuTimer1                            
1     00000c08  _CpuTimer1Regs                        
0     0000a448  _CpuTimer2                            
1     00000c10  _CpuTimer2Regs                        
1     0033fff8  _CsmPwl                               
1     00000ae0  _CsmRegs                              
0     00008874  _CsmUnlock                            
0     00008072  _DATALOG_ISR                          
0     00008266  _DINTCH1_ISR                          
0     00008270  _DINTCH2_ISR                          
0     0000827a  _DINTCH3_ISR                          
0     00008284  _DINTCH4_ISR                          
0     0000828e  _DINTCH5_ISR                          
0     00008298  _DINTCH6_ISR                          
0     00008f3c  _DSP28x_DisableInt                    
0     00008f40  _DSP28x_RestoreInt                    
0     0000805a  _DSP28x_usDelay                       
1     00000880  _DevEmuRegs                           
0     000087c0  _DisableDog                           
1     00001000  _DmaRegs                              
0     000082f2  _ECAN0INTA_ISR                        
0     00008306  _ECAN0INTB_ISR                        
0     000082fc  _ECAN1INTA_ISR                        
0     00008310  _ECAN1INTB_ISR                        
0     000081da  _ECAP1_INT_ISR                        
0     000081e4  _ECAP2_INT_ISR                        
0     000081ee  _ECAP3_INT_ISR                        
0     000081f8  _ECAP4_INT_ISR                        
0     00008202  _ECAP5_INT_ISR                        
0     0000820c  _ECAP6_INT_ISR                        
1     00006040  _ECanaLAMRegs                         
1     000060c0  _ECanaMOTORegs                        
1     00006080  _ECanaMOTSRegs                        
1     00006100  _ECanaMboxes                          
1     00006000  _ECanaRegs                            
1     00006240  _ECanbLAMRegs                         
1     000062c0  _ECanbMOTORegs                        
1     00006280  _ECanbMOTSRegs                        
1     00006300  _ECanbMboxes                          
1     00006200  _ECanbRegs                            
1     00006a00  _ECap1Regs                            
1     00006a20  _ECap2Regs                            
1     00006a40  _ECap3Regs                            
1     00006a60  _ECap4Regs                            
1     00006a80  _ECap5Regs                            
1     00006aa0  _ECap6Regs                            
0     00008360  _EMPTY_ISR                            
0     00008086  _EMUINT_ISR                           
0     0000819e  _EPWM1_INT_ISR                        
0     00008162  _EPWM1_TZINT_ISR                      
0     000081a8  _EPWM2_INT_ISR                        
0     0000816c  _EPWM2_TZINT_ISR                      
0     000081b2  _EPWM3_INT_ISR                        
0     00008176  _EPWM3_TZINT_ISR                      
0     000081bc  _EPWM4_INT_ISR                        
0     00008180  _EPWM4_TZINT_ISR                      
0     000081c6  _EPWM5_INT_ISR                        
0     0000818a  _EPWM5_TZINT_ISR                      
0     000081d0  _EPWM6_INT_ISR                        
0     00008194  _EPWM6_TZINT_ISR                      
1     00006800  _EPwm1Regs                            
1     00006840  _EPwm2Regs                            
1     00006880  _EPwm3Regs                            
1     000068c0  _EPwm4Regs                            
1     00006900  _EPwm5Regs                            
1     00006940  _EPwm6Regs                            
0     00008216  _EQEP1_INT_ISR                        
0     00008220  _EQEP2_INT_ISR                        
1     00006b00  _EQep1Regs                            
1     00006b40  _EQep2Regs                            
0     00008e46  _EnableInterrupts                     
0     00008963  _FFT                                  
0     0000a00c  _FRE                                  
1     00000a80  _FlashRegs                            
1     00006f80  _GpioCtrlRegs                         
1     00006fc0  _GpioDataRegs                         
1     00006fe0  _GpioIntRegs                          
0     000082a2  _I2CINT1A_ISR                         
0     000082ac  _I2CINT2A_ISR                         
1     00007900  _I2caRegs                             
0     0000809a  _ILLEGAL_ISR                          
0     0000805e  _INT13_ISR                            
0     00008068  _INT14_ISR                            
0     00008b42  _InitCpuTimers                        
0     00008819  _InitPeripheralClocks                 
0     00008e27  _InitPieCtrl                          
0     00008ebb  _InitPieVectTable                     
0     000087c8  _InitPll                              
0     00008ef9  _InitSci                              
0     00008efa  _InitSciGpio                          
0     00008efd  _InitSciaGpio                         
0     000087ad  _InitSysCtrl                          
0     0000869d  _KEY_Init                             
0     000086d3  _KEY_Scan                             
0     00008d80  _LED_Init                             
0     00008356  _LUF_ISR                              
0     0000834c  _LVF_ISR                              
0     0000a458  _MAX                                  
0     00008252  _MRINTA_ISR                           
0     0000823e  _MRINTB_ISR                           
0     0000825c  _MXINTA_ISR                           
0     00008248  _MXINTB_ISR                           
1     00005000  _McbspaRegs                           
1     00005040  _McbspbRegs                           
0     00008090  _NMI_ISR                              
0     0000836d  _PIE_RESERVED                         
1     00000ce0  _PieCtrlRegs                          
1     00000d00  _PieVectTable                         
0     0000b000  _PieVectTableInit                     
1     0000f000  _RFFTF32Coef                          
0     00008580  _RFFT_f32                             
0     00008d3c  _RFFT_f32_mag                         
0     00008bbd  _RFFT_f32_sincostable                 
1     0000c000  _RFFTin1Buff                          
1     0000e000  _RFFTmagBuff                          
1     0000d000  _RFFToutBuff                          
0     0000807c  _RTOSINT_ISR                          
0     0000a001  _ReceivedChar                         
0     000082ca  _SCIRXINTA_ISR                        
0     000082de  _SCIRXINTB_ISR                        
0     000082b6  _SCIRXINTC_ISR                        
0     000082d4  _SCITXINTA_ISR                        
0     000082e8  _SCITXINTB_ISR                        
0     000082c0  _SCITXINTC_ISR                        
0     0000811c  _SEQ1INT_ISR                          
0     00008126  _SEQ2INT_ISR                          
0     0000822a  _SPIRXINTA_ISR                        
0     00008234  _SPITXINTA_ISR                        
1     00007050  _SciaRegs                             
1     00007750  _ScibRegs                             
1     00007770  _ScicRegs                             
0     000087b6  _ServiceDog                           
1     00007040  _SpiaRegs                             
1     00007010  _SysCtrlRegs                          
0     0000a000  _T                                    
0     00008a12  _TIM0_IRQn                            
0     00008dc4  _TIM0_Init                            
0     0000814e  _TINT0_ISR                            
0     00008381  _UARTa_Init                           
0     000083ba  _UARTa_SendByte                       
0     00008420  _UARTa_SendCosine_Value               
0     0000849a  _UARTa_SendFFT_Value                  
0     000083c6  _UARTa_SendString                     
0     00008514  _UARTa_Send_Period                    
0     000080fe  _USER10_ISR                           
0     00008108  _USER11_ISR                           
0     00008112  _USER12_ISR                           
0     000080a4  _USER1_ISR                            
0     000080ae  _USER2_ISR                            
0     000080b8  _USER3_ISR                            
0     000080c2  _USER4_ISR                            
0     000080cc  _USER5_ISR                            
0     000080d6  _USER6_ISR                            
0     000080e0  _USER7_ISR                            
0     000080ea  _USER8_ISR                            
0     000080f4  _USER9_ISR                            
0     00008158  _WAKEINT_ISR                          
0     00008130  _XINT1_ISR                            
0     0000813a  _XINT2_ISR                            
0     0000831a  _XINT3_ISR                            
0     00008324  _XINT4_ISR                            
0     0000832e  _XINT5_ISR                            
0     00008338  _XINT6_ISR                            
0     00008342  _XINT7_ISR                            
1     00007070  _XIntruptRegs                         
1     00000b20  _XintfRegs                            
1     00000700  __STACK_END                           
abs   00000300  __STACK_SIZE                          
0     0000a46a  ___TI_cleanup_ptr                     
0     0000a46c  ___TI_dtors_ptr                       
0     0000a468  ___TI_enable_exit_profile_output      
abs   ffffffff  ___TI_pprof_out_hndl                  
abs   ffffffff  ___TI_prof_data_size                  
abs   ffffffff  ___TI_prof_data_start                 
abs   ffffffff  ___binit__                            
abs   ffffffff  ___c_args__                           
0     00008000  ___cinit__                            
0     00008f45  ___etext__                            
abs   ffffffff  ___pinit__                            
0     0000805e  ___text__                             
0     00008f12  __args_main                           
0     0000a472  __lock                                
0     00008f33  __nop                                 
0     00008f2f  __register_lock                       
0     00008f2b  __register_unlock                     
1     00000400  __stack                               
0     00008e4f  __system_post_cinit                   
0     00008f43  __system_pre_init                     
0     0000a474  __unlock                              
0     00008dfe  _abort                                
0     000083d9  _absolute_value                       
0     00008ce6  _c_int00                              
0     000088c8  _calculate_C                          
0     000083e4  _change_to_HEX                        
0     00008e75  _copy_in                              
0     00008c2d  _cos                                  
0     00008c2d  _cosf                                 
0     0000a008  _cosine                               
0     0000a005  _count                                
0     000088a5  _delay                                
0     0000a471  _errno                                
0     00008e00  _exit                                 
0     00008578  _find_byte                            
0     00008554  _find_dec                             
0     0000856a  _find_dec_dec                         
0     00008546  _find_hun                             
0     0000a002  _flag                                 
0     0000a45a  _fre                                  
0     0000891e  _get_UART                             
0     000088dc  _get_key                              
0     00008925  _isSend                               
0     0000a003  _key                                  
0     00008938  _main                                 
0     00008edb  _memcpy                               
0     000088bd  _modify                               
0     000089e5  _nmax                                 
0     0000a006  _omiga                                
0     0000a00e  _phi                                  
0     0000a45c  _rfft                                 
0     00008589  _rfft_f32_Stages1and2and3andBitReverse
0     000085f5  _rfft_f32_Stages4andUp                
0     00008377  _rsvd_ISR                             
0     00008c8e  _sin                                  
0     00008c8e  _sinf                                 
0     00008e50  _sqrt                                 
0     00008e50  _sqrtf                                
0     0000a004  _symbol                               
0     0000a040  _temp                                 
0     0000a00a  _theta                                
abs   ffffffff  binit                                 
0     00008000  cinit                                 
0     00000000  code_start                            
0     00008f45  etext                                 
abs   ffffffff  pinit                                 


GLOBAL SYMBOLS: SORTED BY Symbol Address 

page  address   name                                  
----  -------   ----                                  
0     00000000  code_start                            
0     00008000  ___cinit__                            
0     00008000  cinit                                 
0     0000805a  _DSP28x_usDelay                       
0     0000805e  .text                                 
0     0000805e  _INT13_ISR                            
0     0000805e  ___text__                             
0     00008068  _INT14_ISR                            
0     00008072  _DATALOG_ISR                          
0     0000807c  _RTOSINT_ISR                          
0     00008086  _EMUINT_ISR                           
0     00008090  _NMI_ISR                              
0     0000809a  _ILLEGAL_ISR                          
0     000080a4  _USER1_ISR                            
0     000080ae  _USER2_ISR                            
0     000080b8  _USER3_ISR                            
0     000080c2  _USER4_ISR                            
0     000080cc  _USER5_ISR                            
0     000080d6  _USER6_ISR                            
0     000080e0  _USER7_ISR                            
0     000080ea  _USER8_ISR                            
0     000080f4  _USER9_ISR                            
0     000080fe  _USER10_ISR                           
0     00008108  _USER11_ISR                           
0     00008112  _USER12_ISR                           
0     0000811c  _SEQ1INT_ISR                          
0     00008126  _SEQ2INT_ISR                          
0     00008130  _XINT1_ISR                            
0     0000813a  _XINT2_ISR                            
0     00008144  _ADCINT_ISR                           
0     0000814e  _TINT0_ISR                            
0     00008158  _WAKEINT_ISR                          
0     00008162  _EPWM1_TZINT_ISR                      
0     0000816c  _EPWM2_TZINT_ISR                      
0     00008176  _EPWM3_TZINT_ISR                      
0     00008180  _EPWM4_TZINT_ISR                      
0     0000818a  _EPWM5_TZINT_ISR                      
0     00008194  _EPWM6_TZINT_ISR                      
0     0000819e  _EPWM1_INT_ISR                        
0     000081a8  _EPWM2_INT_ISR                        
0     000081b2  _EPWM3_INT_ISR                        
0     000081bc  _EPWM4_INT_ISR                        
0     000081c6  _EPWM5_INT_ISR                        
0     000081d0  _EPWM6_INT_ISR                        
0     000081da  _ECAP1_INT_ISR                        
0     000081e4  _ECAP2_INT_ISR                        
0     000081ee  _ECAP3_INT_ISR                        
0     000081f8  _ECAP4_INT_ISR                        
0     00008202  _ECAP5_INT_ISR                        
0     0000820c  _ECAP6_INT_ISR                        
0     00008216  _EQEP1_INT_ISR                        
0     00008220  _EQEP2_INT_ISR                        
0     0000822a  _SPIRXINTA_ISR                        
0     00008234  _SPITXINTA_ISR                        
0     0000823e  _MRINTB_ISR                           
0     00008248  _MXINTB_ISR                           
0     00008252  _MRINTA_ISR                           
0     0000825c  _MXINTA_ISR                           
0     00008266  _DINTCH1_ISR                          
0     00008270  _DINTCH2_ISR                          
0     0000827a  _DINTCH3_ISR                          
0     00008284  _DINTCH4_ISR                          
0     0000828e  _DINTCH5_ISR                          
0     00008298  _DINTCH6_ISR                          
0     000082a2  _I2CINT1A_ISR                         
0     000082ac  _I2CINT2A_ISR                         
0     000082b6  _SCIRXINTC_ISR                        
0     000082c0  _SCITXINTC_ISR                        
0     000082ca  _SCIRXINTA_ISR                        
0     000082d4  _SCITXINTA_ISR                        
0     000082de  _SCIRXINTB_ISR                        
0     000082e8  _SCITXINTB_ISR                        
0     000082f2  _ECAN0INTA_ISR                        
0     000082fc  _ECAN1INTA_ISR                        
0     00008306  _ECAN0INTB_ISR                        
0     00008310  _ECAN1INTB_ISR                        
0     0000831a  _XINT3_ISR                            
0     00008324  _XINT4_ISR                            
0     0000832e  _XINT5_ISR                            
0     00008338  _XINT6_ISR                            
0     00008342  _XINT7_ISR                            
0     0000834c  _LVF_ISR                              
0     00008356  _LUF_ISR                              
0     00008360  _EMPTY_ISR                            
0     0000836d  _PIE_RESERVED                         
0     00008377  _rsvd_ISR                             
0     00008381  _UARTa_Init                           
0     000083ba  _UARTa_SendByte                       
0     000083c6  _UARTa_SendString                     
0     000083d9  _absolute_value                       
0     000083e4  _change_to_HEX                        
0     00008420  _UARTa_SendCosine_Value               
0     0000849a  _UARTa_SendFFT_Value                  
0     00008514  _UARTa_Send_Period                    
0     00008546  _find_hun                             
0     00008554  _find_dec                             
0     0000856a  _find_dec_dec                         
0     00008578  _find_byte                            
0     00008580  _RFFT_f32                             
0     00008589  _rfft_f32_Stages1and2and3andBitReverse
0     000085f5  _rfft_f32_Stages4andUp                
0     0000869d  _KEY_Init                             
0     000086d3  _KEY_Scan                             
0     000087ad  _InitSysCtrl                          
0     000087b6  _ServiceDog                           
0     000087c0  _DisableDog                           
0     000087c8  _InitPll                              
0     00008819  _InitPeripheralClocks                 
0     00008874  _CsmUnlock                            
0     000088a5  _delay                                
0     000088bd  _modify                               
0     000088c8  _calculate_C                          
0     000088dc  _get_key                              
0     0000891e  _get_UART                             
0     00008925  _isSend                               
0     00008938  _main                                 
0     00008963  _FFT                                  
0     000089e5  _nmax                                 
0     00008a12  _TIM0_IRQn                            
0     00008aba  FS$$DIV                               
0     00008b42  _InitCpuTimers                        
0     00008b83  _ConfigCpuTimer                       
0     00008bbd  _RFFT_f32_sincostable                 
0     00008c2d  _cos                                  
0     00008c2d  _cosf                                 
0     00008c8e  _sin                                  
0     00008c8e  _sinf                                 
0     00008ce6  _c_int00                              
0     00008d3c  _RFFT_f32_mag                         
0     00008d80  _LED_Init                             
0     00008dc4  _TIM0_Init                            
0     00008dfe  C$$EXIT                               
0     00008dfe  _abort                                
0     00008e00  _exit                                 
0     00008e27  _InitPieCtrl                          
0     00008e46  _EnableInterrupts                     
0     00008e4f  __system_post_cinit                   
0     00008e50  _sqrt                                 
0     00008e50  _sqrtf                                
0     00008e75  _copy_in                              
0     00008e99  I$$DIV                                
0     00008eaa  I$$MOD                                
0     00008ebb  _InitPieVectTable                     
0     00008edb  _memcpy                               
0     00008ef9  _InitSci                              
0     00008efa  _InitSciGpio                          
0     00008efd  _InitSciaGpio                         
0     00008f12  __args_main                           
0     00008f2b  __register_unlock                     
0     00008f2f  __register_lock                       
0     00008f33  __nop                                 
0     00008f3c  _DSP28x_DisableInt                    
0     00008f40  _DSP28x_RestoreInt                    
0     00008f43  __system_pre_init                     
0     00008f45  ___etext__                            
0     00008f45  etext                                 
0     0000a000  _T                                    
0     0000a001  _ReceivedChar                         
0     0000a002  _flag                                 
0     0000a003  _key                                  
0     0000a004  _symbol                               
0     0000a005  _count                                
0     0000a006  _omiga                                
0     0000a008  _cosine                               
0     0000a00a  _theta                                
0     0000a00c  _FRE                                  
0     0000a00e  _phi                                  
0     0000a010  _C                                    
0     0000a040  _temp                                 
0     0000a440  _CpuTimer1                            
0     0000a448  _CpuTimer2                            
0     0000a450  _CpuTimer0                            
0     0000a458  _MAX                                  
0     0000a45a  _fre                                  
0     0000a45c  _rfft                                 
0     0000a468  ___TI_enable_exit_profile_output      
0     0000a46a  ___TI_cleanup_ptr                     
0     0000a46c  ___TI_dtors_ptr                       
0     0000a471  _errno                                
0     0000a472  __lock                                
0     0000a474  __unlock                              
0     0000b000  _PieVectTableInit                     
0     00380080  _ADC_cal                              
1     00000400  __stack                               
1     00000700  __STACK_END                           
1     00000880  _DevEmuRegs                           
1     00000a80  _FlashRegs                            
1     00000ae0  _CsmRegs                              
1     00000b00  _AdcMirror                            
1     00000b20  _XintfRegs                            
1     00000c00  _CpuTimer0Regs                        
1     00000c08  _CpuTimer1Regs                        
1     00000c10  _CpuTimer2Regs                        
1     00000ce0  _PieCtrlRegs                          
1     00000d00  _PieVectTable                         
1     00001000  _DmaRegs                              
1     00005000  _McbspaRegs                           
1     00005040  _McbspbRegs                           
1     00006000  _ECanaRegs                            
1     00006040  _ECanaLAMRegs                         
1     00006080  _ECanaMOTSRegs                        
1     000060c0  _ECanaMOTORegs                        
1     00006100  _ECanaMboxes                          
1     00006200  _ECanbRegs                            
1     00006240  _ECanbLAMRegs                         
1     00006280  _ECanbMOTSRegs                        
1     000062c0  _ECanbMOTORegs                        
1     00006300  _ECanbMboxes                          
1     00006800  _EPwm1Regs                            
1     00006840  _EPwm2Regs                            
1     00006880  _EPwm3Regs                            
1     000068c0  _EPwm4Regs                            
1     00006900  _EPwm5Regs                            
1     00006940  _EPwm6Regs                            
1     00006a00  _ECap1Regs                            
1     00006a20  _ECap2Regs                            
1     00006a40  _ECap3Regs                            
1     00006a60  _ECap4Regs                            
1     00006a80  _ECap5Regs                            
1     00006aa0  _ECap6Regs                            
1     00006b00  _EQep1Regs                            
1     00006b40  _EQep2Regs                            
1     00006f80  _GpioCtrlRegs                         
1     00006fc0  _GpioDataRegs                         
1     00006fe0  _GpioIntRegs                          
1     00007010  _SysCtrlRegs                          
1     00007040  _SpiaRegs                             
1     00007050  _SciaRegs                             
1     00007070  _XIntruptRegs                         
1     00007100  _AdcRegs                              
1     00007750  _ScibRegs                             
1     00007770  _ScicRegs                             
1     00007900  _I2caRegs                             
1     0000c000  _RFFTin1Buff                          
1     0000d000  _RFFToutBuff                          
1     0000e000  _RFFTmagBuff                          
1     0000f000  _RFFTF32Coef                          
1     0033fff8  _CsmPwl                               
abs   00000300  __STACK_SIZE                          
abs   ffffffff  ___TI_pprof_out_hndl                  
abs   ffffffff  ___TI_prof_data_size                  
abs   ffffffff  ___TI_prof_data_start                 
abs   ffffffff  ___binit__                            
abs   ffffffff  ___c_args__                           
abs   ffffffff  ___pinit__                            
abs   ffffffff  binit                                 
abs   ffffffff  pinit                                 

[247 symbols]
